This is a test health report
